------------------------------------------------------------
Timing Analyzer Summary
------------------------------------------------------------

Type  : Slow 1200mV 85C Model Setup 'VGAFreq|altpll_component|auto_generated|pll1|clk[0]'
Slack : -3.611
TNS   : -7.222

Type  : Slow 1200mV 85C Model Setup 'CLOCK_50'
Slack : 15.767
TNS   : 0.000

Type  : Slow 1200mV 85C Model Hold 'CLOCK_50'
Slack : 0.407
TNS   : 0.000

Type  : Slow 1200mV 85C Model Hold 'VGAFreq|altpll_component|auto_generated|pll1|clk[0]'
Slack : 0.656
TNS   : 0.000

Type  : Slow 1200mV 85C Model Minimum Pulse Width 'VGAFreq|altpll_component|auto_generated|pll1|clk[0]'
Slack : 4.339
TNS   : 0.000

Type  : Slow 1200mV 85C Model Minimum Pulse Width 'CLOCK_50'
Slack : 9.626
TNS   : 0.000

Type  : Slow 1200mV 85C Model Minimum Pulse Width 'CLOCK2_50'
Slack : 16.000
TNS   : 0.000

Type  : Slow 1200mV 85C Model Minimum Pulse Width 'CLOCK3_50'
Slack : 16.000
TNS   : 0.000

Type  : Slow 1200mV 0C Model Setup 'VGAFreq|altpll_component|auto_generated|pll1|clk[0]'
Slack : -2.345
TNS   : -4.690

Type  : Slow 1200mV 0C Model Setup 'CLOCK_50'
Slack : 16.207
TNS   : 0.000

Type  : Slow 1200mV 0C Model Hold 'CLOCK_50'
Slack : 0.364
TNS   : 0.000

Type  : Slow 1200mV 0C Model Hold 'VGAFreq|altpll_component|auto_generated|pll1|clk[0]'
Slack : 0.599
TNS   : 0.000

Type  : Slow 1200mV 0C Model Minimum Pulse Width 'VGAFreq|altpll_component|auto_generated|pll1|clk[0]'
Slack : 4.324
TNS   : 0.000

Type  : Slow 1200mV 0C Model Minimum Pulse Width 'CLOCK_50'
Slack : 9.607
TNS   : 0.000

Type  : Slow 1200mV 0C Model Minimum Pulse Width 'CLOCK2_50'
Slack : 16.000
TNS   : 0.000

Type  : Slow 1200mV 0C Model Minimum Pulse Width 'CLOCK3_50'
Slack : 16.000
TNS   : 0.000

Type  : Fast 1200mV 0C Model Setup 'VGAFreq|altpll_component|auto_generated|pll1|clk[0]'
Slack : 3.021
TNS   : 0.000

Type  : Fast 1200mV 0C Model Setup 'CLOCK_50'
Slack : 17.844
TNS   : 0.000

Type  : Fast 1200mV 0C Model Hold 'CLOCK_50'
Slack : 0.187
TNS   : 0.000

Type  : Fast 1200mV 0C Model Hold 'VGAFreq|altpll_component|auto_generated|pll1|clk[0]'
Slack : 0.300
TNS   : 0.000

Type  : Fast 1200mV 0C Model Minimum Pulse Width 'VGAFreq|altpll_component|auto_generated|pll1|clk[0]'
Slack : 4.410
TNS   : 0.000

Type  : Fast 1200mV 0C Model Minimum Pulse Width 'CLOCK_50'
Slack : 9.267
TNS   : 0.000

Type  : Fast 1200mV 0C Model Minimum Pulse Width 'CLOCK2_50'
Slack : 16.000
TNS   : 0.000

Type  : Fast 1200mV 0C Model Minimum Pulse Width 'CLOCK3_50'
Slack : 16.000
TNS   : 0.000

------------------------------------------------------------
