------------------------------------------------------------
Timing Analyzer Summary
------------------------------------------------------------

Type  : Slow 1200mV 85C Model Setup 'VGAFreq|altpll_component|auto_generated|pll1|clk[0]'
Slack : -3.403
TNS   : -3.403

Type  : Slow 1200mV 85C Model Setup 'CLOCK_50'
Slack : 15.818
TNS   : 0.000

Type  : Slow 1200mV 85C Model Hold 'CLOCK_50'
Slack : 0.407
TNS   : 0.000

Type  : Slow 1200mV 85C Model Hold 'VGAFreq|altpll_component|auto_generated|pll1|clk[0]'
Slack : 0.670
TNS   : 0.000

Type  : Slow 1200mV 85C Model Minimum Pulse Width 'VGAFreq|altpll_component|auto_generated|pll1|clk[0]'
Slack : 4.340
TNS   : 0.000

Type  : Slow 1200mV 85C Model Minimum Pulse Width 'CLOCK_50'
Slack : 9.626
TNS   : 0.000

Type  : Slow 1200mV 85C Model Minimum Pulse Width 'CLOCK2_50'
Slack : 16.000
TNS   : 0.000

Type  : Slow 1200mV 85C Model Minimum Pulse Width 'CLOCK3_50'
Slack : 16.000
TNS   : 0.000

Type  : Slow 1200mV 0C Model Setup 'VGAFreq|altpll_component|auto_generated|pll1|clk[0]'
Slack : -2.211
TNS   : -2.211

Type  : Slow 1200mV 0C Model Setup 'CLOCK_50'
Slack : 16.256
TNS   : 0.000

Type  : Slow 1200mV 0C Model Hold 'CLOCK_50'
Slack : 0.364
TNS   : 0.000

Type  : Slow 1200mV 0C Model Hold 'VGAFreq|altpll_component|auto_generated|pll1|clk[0]'
Slack : 0.614
TNS   : 0.000

Type  : Slow 1200mV 0C Model Minimum Pulse Width 'VGAFreq|altpll_component|auto_generated|pll1|clk[0]'
Slack : 4.322
TNS   : 0.000

Type  : Slow 1200mV 0C Model Minimum Pulse Width 'CLOCK_50'
Slack : 9.607
TNS   : 0.000

Type  : Slow 1200mV 0C Model Minimum Pulse Width 'CLOCK2_50'
Slack : 16.000
TNS   : 0.000

Type  : Slow 1200mV 0C Model Minimum Pulse Width 'CLOCK3_50'
Slack : 16.000
TNS   : 0.000

Type  : Fast 1200mV 0C Model Setup 'VGAFreq|altpll_component|auto_generated|pll1|clk[0]'
Slack : 3.157
TNS   : 0.000

Type  : Fast 1200mV 0C Model Setup 'CLOCK_50'
Slack : 17.865
TNS   : 0.000

Type  : Fast 1200mV 0C Model Hold 'CLOCK_50'
Slack : 0.187
TNS   : 0.000

Type  : Fast 1200mV 0C Model Hold 'VGAFreq|altpll_component|auto_generated|pll1|clk[0]'
Slack : 0.309
TNS   : 0.000

Type  : Fast 1200mV 0C Model Minimum Pulse Width 'VGAFreq|altpll_component|auto_generated|pll1|clk[0]'
Slack : 4.410
TNS   : 0.000

Type  : Fast 1200mV 0C Model Minimum Pulse Width 'CLOCK_50'
Slack : 9.267
TNS   : 0.000

Type  : Fast 1200mV 0C Model Minimum Pulse Width 'CLOCK2_50'
Slack : 16.000
TNS   : 0.000

Type  : Fast 1200mV 0C Model Minimum Pulse Width 'CLOCK3_50'
Slack : 16.000
TNS   : 0.000

------------------------------------------------------------
